// Jest Snapshot v1, https://goo.gl/fbAQLP

exports[`should render CommuteFormContainer 1`] = `
<div>
  <CommuteForm
    onSubmit={[Function]}
  />
</div>
`;
